{
  "machine": "3090",
  "seed": 1993,
  "tasks": 10,
  "config_source": "logs/shell_logs/imgr10_expert_legal_3090/20261001_150130_524490/t10/run.json",
  "reference_dir": "logs/shell_logs/imgr10_expert_legal_3090/20261001_150130_524490/t10/diagnostics",
  "data_path": "/home/shengqin/ds_and_pretrain/ds/imagenet-r",
  "out": "logs/frozen_readout/3090/20261001_183001_623010",
  "outer_holdout_mod": 20,
  "reference_protocol_compatible": true,
  "ncm_and_ridge_fit_same_samples": true,
  "train_dualmask": false,
  "save_weights": false,
  "save_dense_features": false,
  "old_train_image_replay": false,
  "alpha_selection": "task0_train_holdout_only_then_fixed",
  "disable_fused_sdpa": true
}
No new DualMask run. Missing reference cache => standalone scores only.
Code revision: da91e93cdec4168f965c00d561085e738f7fa931
Fixed backbone SHA256: e4ee940923884dcf6a3f04cd16fca0ba6a4ba4fc12b053d01cea2510e50b7947
Task0: current train only; fit=2236, holdout=568, classes=20
  features batch 1/59
  features batch 26/59
  features batch 51/59
  features batch 59/59
Task0 train-holdout selected alpha=1.0; fixed for every later task.
  features batch 1/15
  features batch 15/15
FrozenReadoutTask {"task": 0, "classes": 20, "alpha": 1.0, "regularizer": 10981.440104166666, "fit_samples": 2236, "holdout_samples": 568, "cumulative_fit": 2236, "statistics_bytes": 2973696, "reference_status": "ncm_reproduction_mismatch", "ncm_vs_ridge": {"total": {"n": 689, "base_accuracy": 74.74600870827285, "readout_accuracy": 83.45428156748912, "oracle_accuracy": 86.066763425254, "rescued": 78, "harmed": 18, "both_wrong": 96}, "old": {"n": 0, "base_accuracy": null, "readout_accuracy": null, "oracle_accuracy": null, "rescued": 0, "harmed": 0, "both_wrong": 0}, "new": {"n": 689, "base_accuracy": 74.74600870827285, "readout_accuracy": 83.45428156748912, "oracle_accuracy": 86.066763425254, "rescued": 78, "harmed": 18, "both_wrong": 96}}, "base_vs_ncm": null, "base_vs_ridge": null, "reference_ncm_agreement_percent": 95.93613933236574, "reference_sha256": "492ddd4c55258965bd0a5ceca4dbb104b2c05f2d7e018b97fd97c60f413063d0", "oracle_uses_true_labels": true, "readout_uses_test_labels_or_task_id": false}
Task1: current train only; fit=1931, holdout=492, classes=40
  features batch 1/51
  features batch 26/51
  features batch 51/51
  features batch 1/14
  features batch 14/14
FrozenReadoutTask {"task": 1, "classes": 40, "alpha": 1.0, "regularizer": 20524.82421875, "fit_samples": 1931, "holdout_samples": 492, "cumulative_fit": 4167, "statistics_bytes": 2973696, "reference_status": "ncm_reproduction_mismatch", "ncm_vs_ridge": {"total": {"n": 1321, "base_accuracy": 66.31339894019682, "readout_accuracy": 76.15442846328538, "oracle_accuracy": 79.56093868281604, "rescued": 175, "harmed": 45, "both_wrong": 270}, "old": {"n": 689, "base_accuracy": 68.65021770682148, "readout_accuracy": 78.95500725689405, "oracle_accuracy": 81.8577648766328, "rescued": 91, "harmed": 20, "both_wrong": 125}, "new": {"n": 632, "base_accuracy": 63.765822784810126, "readout_accuracy": 73.10126582278481, "oracle_accuracy": 77.05696202531645, "rescued": 84, "harmed": 25, "both_wrong": 145}}, "base_vs_ncm": null, "base_vs_ridge": null, "reference_ncm_agreement_percent": 94.47388342165026, "reference_sha256": "3a4c8b85f95aa3690fc936198ad0cee5f85ca33cfc55da6f032da16e43cfe3ed", "oracle_uses_true_labels": true, "readout_uses_test_labels_or_task_id": false}
Task2: current train only; fit=1765, holdout=452, classes=60
  features batch 1/47
  features batch 26/47
  features batch 47/47
  features batch 1/13
  features batch 13/13
FrozenReadoutTask {"task": 2, "classes": 60, "alpha": 1.0, "regularizer": 29362.390625, "fit_samples": 1765, "holdout_samples": 452, "cumulative_fit": 5932, "statistics_bytes": 2973696, "reference_status": "ncm_reproduction_mismatch", "ncm_vs_ridge": {"total": {"n": 1927, "base_accuracy": 65.12714063310845, "readout_accuracy": 73.84535547483135, "oracle_accuracy": 77.63362740010379, "rescued": 241, "harmed": 73, "both_wrong": 431}, "old": {"n": 1321, "base_accuracy": 64.11809235427707, "readout_accuracy": 73.6563209689629, "oracle_accuracy": 77.51703255109766, "rescued": 177, "harmed": 51, "both_wrong": 297}, "new": {"n": 606, "base_accuracy": 67.32673267326733, "readout_accuracy": 74.25742574257426, "oracle_accuracy": 77.88778877887789, "rescued": 64, "harmed": 22, "both_wrong": 134}}, "base_vs_ncm": null, "base_vs_ridge": null, "reference_ncm_agreement_percent": 92.99429164504411, "reference_sha256": "5ccf8e2bdb19b7cf24caaf1f5b788e0ac52c5474503f28e9cbf1f3ba0ff0e30f", "oracle_uses_true_labels": true, "readout_uses_test_labels_or_task_id": false}
Task3: current train only; fit=1728, holdout=440, classes=80
  features batch 1/46
  features batch 26/46
  features batch 46/46
  features batch 1/12
  features batch 12/12
FrozenReadoutTask {"task": 3, "classes": 80, "alpha": 1.0, "regularizer": 38092.125, "fit_samples": 1728, "holdout_samples": 440, "cumulative_fit": 7660, "statistics_bytes": 2973696, "reference_status": "ncm_reproduction_mismatch", "ncm_vs_ridge": {"total": {"n": 2498, "base_accuracy": 62.65012009607686, "readout_accuracy": 71.0968775020016, "oracle_accuracy": 75.06004803843075, "rescued": 310, "harmed": 99, "both_wrong": 623}, "old": {"n": 1927, "base_accuracy": 62.68811624286456, "readout_accuracy": 71.61390762843799, "oracle_accuracy": 75.40217955371043, "rescued": 245, "harmed": 73, "both_wrong": 474}, "new": {"n": 571, "base_accuracy": 62.521891418563925, "readout_accuracy": 69.35201401050789, "oracle_accuracy": 73.90542907180385, "rescued": 65, "harmed": 26, "both_wrong": 149}}, "base_vs_ncm": null, "base_vs_ridge": null, "reference_ncm_agreement_percent": 92.55404323458767, "reference_sha256": "a6097257c7c5a41ed47b22b1f4f1a92359d8e3da75ed4c8d8bd5b85aa1580d89", "oracle_uses_true_labels": true, "readout_uses_test_labels_or_task_id": false}
Task4: current train only; fit=1639, holdout=419, classes=100
  features batch 1/43
  features batch 26/43
  features batch 43/43
  features batch 1/11
  features batch 11/11
FrozenReadoutTask {"task": 4, "classes": 100, "alpha": 1.0, "regularizer": 46298.708333333336, "fit_samples": 1639, "holdout_samples": 419, "cumulative_fit": 9299, "statistics_bytes": 2973696, "reference_status": "ncm_reproduction_mismatch", "ncm_vs_ridge": {"total": {"n": 2985, "base_accuracy": 59.765494137353436, "readout_accuracy": 68.30820770519263, "oracle_accuracy": 72.66331658291458, "rescued": 385, "harmed": 130, "both_wrong": 816}, "old": {"n": 2498, "base_accuracy": 60.76861489191353, "readout_accuracy": 69.33546837469976, "oracle_accuracy": 73.4587670136109, "rescued": 317, "harmed": 103, "both_wrong": 663}, "new": {"n": 487, "base_accuracy": 54.620123203285424, "readout_accuracy": 63.03901437371663, "oracle_accuracy": 68.58316221765914, "rescued": 68, "harmed": 27, "both_wrong": 153}}, "base_vs_ncm": null, "base_vs_ridge": null, "reference_ncm_agreement_percent": 91.99329983249581, "reference_sha256": "adaa79953c49c6e9591b55dc08854d279a6f2b5cba13b3e1b789e8675b1c2d87", "oracle_uses_true_labels": true, "readout_uses_test_labels_or_task_id": false}
Task5: current train only; fit=2013, holdout=510, classes=120
  features batch 1/53
  features batch 26/53
  features batch 51/53
  features batch 53/53
  features batch 1/14
  features batch 14/14
FrozenReadoutTask {"task": 5, "classes": 120, "alpha": 1.0, "regularizer": 56016.515625, "fit_samples": 2013, "holdout_samples": 510, "cumulative_fit": 11312, "statistics_bytes": 2973696, "reference_status": "ncm_reproduction_mismatch", "ncm_vs_ridge": {"total": {"n": 3645, "base_accuracy": 57.914951989026065, "readout_accuracy": 65.6241426611797, "oracle_accuracy": 70.53497942386831, "rescued": 460, "harmed": 179, "both_wrong": 1074}, "old": {"n": 2985, "base_accuracy": 57.95644891122278, "readout_accuracy": 65.22613065326634, "oracle_accuracy": 70.25125628140704, "rescued": 367, "harmed": 150, "both_wrong": 888}, "new": {"n": 660, "base_accuracy": 57.72727272727273, "readout_accuracy": 67.42424242424242, "oracle_accuracy": 71.81818181818181, "rescued": 93, "harmed": 29, "both_wrong": 186}}, "base_vs_ncm": null, "base_vs_ridge": null, "reference_ncm_agreement_percent": 92.09876543209876, "reference_sha256": "7861a9e34d511a0800caacaf9861bc8f479a3adbdd05c2e40b87df7421ed1001", "oracle_uses_true_labels": true, "readout_uses_test_labels_or_task_id": false}
Task6: current train only; fit=1598, holdout=412, classes=140
  features batch 1/42
  features batch 26/42
  features batch 42/42
  features batch 1/12
  features batch 12/12
FrozenReadoutTask {"task": 6, "classes": 140, "alpha": 1.0, "regularizer": 64025.828125, "fit_samples": 1598, "holdout_samples": 412, "cumulative_fit": 12910, "statistics_bytes": 2973696, "reference_status": "ncm_reproduction_mismatch", "ncm_vs_ridge": {"total": {"n": 4214, "base_accuracy": 57.19031798766018, "readout_accuracy": 63.95348837209303, "oracle_accuracy": 69.71998101566209, "rescued": 528, "harmed": 243, "both_wrong": 1276}, "old": {"n": 3645, "base_accuracy": 56.95473251028807, "readout_accuracy": 64.74622770919068, "oracle_accuracy": 69.93141289437585, "rescued": 473, "harmed": 189, "both_wrong": 1096}, "new": {"n": 569, "base_accuracy": 58.699472759226715, "readout_accuracy": 58.87521968365554, "oracle_accuracy": 68.36555360281196, "rescued": 55, "harmed": 54, "both_wrong": 180}}, "base_vs_ncm": null, "base_vs_ridge": null, "reference_ncm_agreement_percent": 91.93165638348363, "reference_sha256": "809bb9f7cdb0b7e9bcd853eb5c0d9b05b3c1dbe3bc31d7e89fcd904b36c20e21", "oracle_uses_true_labels": true, "readout_uses_test_labels_or_task_id": false}
Task7: current train only; fit=2125, holdout=539, classes=160
  features batch 1/56
  features batch 26/56
  features batch 51/56
  features batch 56/56
  features batch 1/16
  features batch 16/16
FrozenReadoutTask {"task": 7, "classes": 160, "alpha": 1.0, "regularizer": 73978.359375, "fit_samples": 2125, "holdout_samples": 539, "cumulative_fit": 15035, "statistics_bytes": 2973696, "reference_status": "ncm_reproduction_mismatch", "ncm_vs_ridge": {"total": {"n": 4943, "base_accuracy": 55.99838154966619, "readout_accuracy": 63.44325308517095, "oracle_accuracy": 69.18875177018005, "rescued": 652, "harmed": 284, "both_wrong": 1523}, "old": {"n": 4214, "base_accuracy": 55.48172757475083, "readout_accuracy": 62.36355007119127, "oracle_accuracy": 68.29615567157096, "rescued": 540, "harmed": 250, "both_wrong": 1336}, "new": {"n": 729, "base_accuracy": 58.98491083676269, "readout_accuracy": 69.68449931412894, "oracle_accuracy": 74.34842249657065, "rescued": 112, "harmed": 34, "both_wrong": 187}}, "base_vs_ncm": null, "base_vs_ridge": null, "reference_ncm_agreement_percent": 92.04936273518106, "reference_sha256": "1961fd013e84a69b67dc32ff3d2ef3d0b62150a187eda95cfb0e55460533e3d6", "oracle_uses_true_labels": true, "readout_uses_test_labels_or_task_id": false}
Task8: current train only; fit=1466, holdout=377, classes=180
  features batch 1/39
  features batch 26/39
  features batch 39/39
  features batch 1/10
  features batch 10/10
FrozenReadoutTask {"task": 8, "classes": 180, "alpha": 1.0, "regularizer": 81491.05729166667, "fit_samples": 1466, "holdout_samples": 377, "cumulative_fit": 16501, "statistics_bytes": 2973696, "reference_status": "ncm_reproduction_mismatch", "ncm_vs_ridge": {"total": {"n": 5421, "base_accuracy": 55.13742851872348, "readout_accuracy": 62.184098874746354, "oracle_accuracy": 68.23464305478694, "rescued": 710, "harmed": 328, "both_wrong": 1722}, "old": {"n": 4943, "base_accuracy": 55.108233866073235, "readout_accuracy": 62.512644143232855, "oracle_accuracy": 68.37952660327736, "rescued": 656, "harmed": 290, "both_wrong": 1563}, "new": {"n": 478, "base_accuracy": 55.43933054393305, "readout_accuracy": 58.78661087866109, "oracle_accuracy": 66.73640167364017, "rescued": 54, "harmed": 38, "both_wrong": 159}}, "base_vs_ncm": null, "base_vs_ridge": null, "reference_ncm_agreement_percent": 91.10865154030621, "reference_sha256": "fd3eb1c0b03fb1559da589b053075118ae29590c6a1264ace5ce24f75ab13648", "oracle_uses_true_labels": true, "readout_uses_test_labels_or_task_id": false}
Task9: current train only; fit=1710, holdout=437, classes=200
  features batch 1/45
  features batch 26/45
  features batch 45/45
  features batch 1/13
  features batch 13/13
FrozenReadoutTask {"task": 9, "classes": 200, "alpha": 1.0, "regularizer": 89673.73958333333, "fit_samples": 1710, "holdout_samples": 437, "cumulative_fit": 18211, "statistics_bytes": 2973696, "reference_status": "ncm_reproduction_mismatch", "ncm_vs_ridge": {"total": {"n": 6000, "base_accuracy": 54.1, "readout_accuracy": 60.35, "oracle_accuracy": 66.85, "rescued": 765, "harmed": 390, "both_wrong": 1989}, "old": {"n": 5421, "base_accuracy": 53.88304740822726, "readout_accuracy": 60.37631433314886, "oracle_accuracy": 66.88802803910717, "rescued": 705, "harmed": 353, "both_wrong": 1795}, "new": {"n": 579, "base_accuracy": 56.13126079447323, "readout_accuracy": 60.10362694300518, "oracle_accuracy": 66.49395509499136, "rescued": 60, "harmed": 37, "both_wrong": 194}}, "base_vs_ncm": null, "base_vs_ridge": null, "reference_ncm_agreement_percent": 91.48333333333333, "reference_sha256": "14a7a925a990aeabc9def07327e6462f73f17f60360250f22e7b62fff49160cc", "oracle_uses_true_labels": true, "readout_uses_test_labels_or_task_id": false}
FrozenReadoutSummary {"tasks": 10, "selected_alpha": 1.0, "statistics_bytes": 2973696, "ncm_average": 60.89432425600844, "ridge_average": 68.84141337059901, "ncm_last": 54.1, "ridge_last": 60.35, "paired_reference_tasks": 0, "ridge_complement_oracle_average": null, "ncm_complement_oracle_average": null, "base_average": null, "last_report": {"task": 9, "classes": 200, "alpha": 1.0, "regularizer": 89673.73958333333, "fit_samples": 1710, "holdout_samples": 437, "cumulative_fit": 18211, "statistics_bytes": 2973696, "reference_status": "ncm_reproduction_mismatch", "ncm_vs_ridge": {"total": {"n": 6000, "base_accuracy": 54.1, "readout_accuracy": 60.35, "oracle_accuracy": 66.85, "rescued": 765, "harmed": 390, "both_wrong": 1989}, "old": {"n": 5421, "base_accuracy": 53.88304740822726, "readout_accuracy": 60.37631433314886, "oracle_accuracy": 66.88802803910717, "rescued": 705, "harmed": 353, "both_wrong": 1795}, "new": {"n": 579, "base_accuracy": 56.13126079447323, "readout_accuracy": 60.10362694300518, "oracle_accuracy": 66.49395509499136, "rescued": 60, "harmed": 37, "both_wrong": 194}}, "base_vs_ncm": null, "base_vs_ridge": null, "reference_ncm_agreement_percent": 91.48333333333333, "reference_sha256": "14a7a925a990aeabc9def07327e6462f73f17f60360250f22e7b62fff49160cc", "oracle_uses_true_labels": true, "readout_uses_test_labels_or_task_id": false}}
Finished: logs/frozen_readout/3090/20261001_183001_623010; seconds=77.4
