{
  "machine": "3090",
  "seed": 1993,
  "tasks": 10,
  "config_source": "logs/shell_logs/imgr10_expert_legal_3090/20261001_150130_524490/t10/run.json",
  "reference_dir": "logs/shell_logs/imgr10_expert_legal_3090/20261001_150130_524490/t10/diagnostics",
  "data_path": "/home/shengqin/ds_and_pretrain/ds/imagenet-r",
  "out": "logs/frozen_readout/3090/20261001_184446_088662",
  "outer_holdout_mod": 20,
  "reference_protocol_compatible": true,
  "ncm_and_ridge_fit_same_samples": true,
  "train_dualmask": false,
  "save_weights": false,
  "save_dense_features": false,
  "old_train_image_replay": false,
  "alpha_selection": "task0_train_holdout_only_then_fixed",
  "final_fit": "all_available_current_train_after_alpha_selection",
  "disable_fused_sdpa": true
}
No new DualMask run. Missing reference cache => standalone scores only.
Code revision: fa08675a37225ae460f1861a4a4e97c548796b71
Fixed backbone SHA256: e4ee940923884dcf6a3f04cd16fca0ba6a4ba4fc12b053d01cea2510e50b7947
Task0: current train only; final_fit=2804, classes=20
  features batch 1/59
  features batch 26/59
  features batch 51/59
  features batch 59/59
Task0 train-holdout selected alpha=1.0; fixed for every later task.
  features batch 1/15
  features batch 15/15
FrozenReadoutTask {"task": 0, "classes": 20, "alpha": 1.0, "regularizer": 13777.188802083334, "fit_samples": 2804, "holdout_samples": 568, "cumulative_fit": 2804, "statistics_bytes": 2973696, "reference_status": "matched_indices_and_labels", "ncm_vs_ridge": {"total": {"n": 689, "base_accuracy": 74.89114658925979, "readout_accuracy": 83.74455732946299, "oracle_accuracy": 86.066763425254, "rescued": 77, "harmed": 16, "both_wrong": 96}, "old": {"n": 0, "base_accuracy": null, "readout_accuracy": null, "oracle_accuracy": null, "rescued": 0, "harmed": 0, "both_wrong": 0}, "new": {"n": 689, "base_accuracy": 74.89114658925979, "readout_accuracy": 83.74455732946299, "oracle_accuracy": 86.066763425254, "rescued": 77, "harmed": 16, "both_wrong": 96}}, "base_vs_ncm": {"total": {"n": 689, "base_accuracy": 97.09724238026125, "readout_accuracy": 74.89114658925979, "oracle_accuracy": 97.96806966618287, "rescued": 6, "harmed": 159, "both_wrong": 14}, "old": {"n": 0, "base_accuracy": null, "readout_accuracy": null, "oracle_accuracy": null, "rescued": 0, "harmed": 0, "both_wrong": 0}, "new": {"n": 689, "base_accuracy": 97.09724238026125, "readout_accuracy": 74.89114658925979, "oracle_accuracy": 97.96806966618287, "rescued": 6, "harmed": 159, "both_wrong": 14}}, "base_vs_ridge": {"total": {"n": 689, "base_accuracy": 97.09724238026125, "readout_accuracy": 83.74455732946299, "oracle_accuracy": 97.82293178519593, "rescued": 5, "harmed": 97, "both_wrong": 15}, "old": {"n": 0, "base_accuracy": null, "readout_accuracy": null, "oracle_accuracy": null, "rescued": 0, "harmed": 0, "both_wrong": 0}, "new": {"n": 689, "base_accuracy": 97.09724238026125, "readout_accuracy": 83.74455732946299, "oracle_accuracy": 97.82293178519593, "rescued": 5, "harmed": 97, "both_wrong": 15}}, "reference_ncm_agreement_percent": 100.0, "reference_sha256": "492ddd4c55258965bd0a5ceca4dbb104b2c05f2d7e018b97fd97c60f413063d0", "oracle_uses_true_labels": true, "readout_uses_test_labels_or_task_id": false}
Task1: current train only; final_fit=2423, classes=40
  features batch 1/51
  features batch 26/51
  features batch 51/51
  features batch 1/14
  features batch 14/14
FrozenReadoutTask {"task": 1, "classes": 40, "alpha": 1.0, "regularizer": 25713.7421875, "fit_samples": 2423, "holdout_samples": 0, "cumulative_fit": 5227, "statistics_bytes": 2973696, "reference_status": "matched_indices_and_labels", "ncm_vs_ridge": {"total": {"n": 1321, "base_accuracy": 67.29750189250568, "readout_accuracy": 76.45722937168811, "oracle_accuracy": 80.24224072672219, "rescued": 171, "harmed": 50, "both_wrong": 261}, "old": {"n": 689, "base_accuracy": 69.23076923076923, "readout_accuracy": 78.95500725689405, "oracle_accuracy": 82.29317851959361, "rescued": 90, "harmed": 23, "both_wrong": 122}, "new": {"n": 632, "base_accuracy": 65.18987341772151, "readout_accuracy": 73.73417721518987, "oracle_accuracy": 78.00632911392405, "rescued": 81, "harmed": 27, "both_wrong": 139}}, "base_vs_ncm": {"total": {"n": 1321, "base_accuracy": 92.58137774413323, "readout_accuracy": 67.29750189250568, "oracle_accuracy": 93.48978046934141, "rescued": 12, "harmed": 346, "both_wrong": 86}, "old": {"n": 689, "base_accuracy": 95.21044992743106, "readout_accuracy": 69.23076923076923, "oracle_accuracy": 96.22641509433963, "rescued": 7, "harmed": 186, "both_wrong": 26}, "new": {"n": 632, "base_accuracy": 89.71518987341773, "readout_accuracy": 65.18987341772151, "oracle_accuracy": 90.50632911392405, "rescued": 5, "harmed": 160, "both_wrong": 60}}, "base_vs_ridge": {"total": {"n": 1321, "base_accuracy": 92.58137774413323, "readout_accuracy": 76.45722937168811, "oracle_accuracy": 93.71688115064345, "rescued": 15, "harmed": 228, "both_wrong": 83}, "old": {"n": 689, "base_accuracy": 95.21044992743106, "readout_accuracy": 78.95500725689405, "oracle_accuracy": 96.08127721335269, "rescued": 6, "harmed": 118, "both_wrong": 27}, "new": {"n": 632, "base_accuracy": 89.71518987341773, "readout_accuracy": 73.73417721518987, "oracle_accuracy": 91.13924050632912, "rescued": 9, "harmed": 110, "both_wrong": 56}}, "reference_ncm_agreement_percent": 100.0, "reference_sha256": "3a4c8b85f95aa3690fc936198ad0cee5f85ca33cfc55da6f032da16e43cfe3ed", "oracle_uses_true_labels": true, "readout_uses_test_labels_or_task_id": false}
Task2: current train only; final_fit=2217, classes=60
  features batch 1/47
  features batch 26/47
  features batch 47/47
  features batch 1/13
  features batch 13/13
FrozenReadoutTask {"task": 2, "classes": 60, "alpha": 1.0, "regularizer": 36770.333333333336, "fit_samples": 2217, "holdout_samples": 0, "cumulative_fit": 7444, "statistics_bytes": 2973696, "reference_status": "matched_indices_and_labels", "ncm_vs_ridge": {"total": {"n": 1927, "base_accuracy": 65.38661131292164, "readout_accuracy": 73.43020238713025, "oracle_accuracy": 77.42605085625324, "rescued": 232, "harmed": 77, "both_wrong": 435}, "old": {"n": 1321, "base_accuracy": 64.95079485238456, "readout_accuracy": 73.50492051476155, "oracle_accuracy": 77.97123391370174, "rescued": 172, "harmed": 59, "both_wrong": 291}, "new": {"n": 606, "base_accuracy": 66.33663366336634, "readout_accuracy": 73.26732673267327, "oracle_accuracy": 76.23762376237623, "rescued": 60, "harmed": 18, "both_wrong": 144}}, "base_vs_ncm": {"total": {"n": 1927, "base_accuracy": 89.93253762324858, "readout_accuracy": 65.38661131292164, "oracle_accuracy": 91.33367929423976, "rescued": 27, "harmed": 500, "both_wrong": 167}, "old": {"n": 1321, "base_accuracy": 91.1430734292203, "readout_accuracy": 64.95079485238456, "oracle_accuracy": 92.35427706283119, "rescued": 16, "harmed": 362, "both_wrong": 101}, "new": {"n": 606, "base_accuracy": 87.29372937293729, "readout_accuracy": 66.33663366336634, "oracle_accuracy": 89.10891089108911, "rescued": 11, "harmed": 138, "both_wrong": 66}}, "base_vs_ridge": {"total": {"n": 1927, "base_accuracy": 89.93253762324858, "readout_accuracy": 73.43020238713025, "oracle_accuracy": 91.59314997405293, "rescued": 32, "harmed": 350, "both_wrong": 162}, "old": {"n": 1321, "base_accuracy": 91.1430734292203, "readout_accuracy": 73.50492051476155, "oracle_accuracy": 92.50567751703255, "rescued": 18, "harmed": 251, "both_wrong": 99}, "new": {"n": 606, "base_accuracy": 87.29372937293729, "readout_accuracy": 73.26732673267327, "oracle_accuracy": 89.60396039603961, "rescued": 14, "harmed": 99, "both_wrong": 63}}, "reference_ncm_agreement_percent": 100.0, "reference_sha256": "5ccf8e2bdb19b7cf24caaf1f5b788e0ac52c5474503f28e9cbf1f3ba0ff0e30f", "oracle_uses_true_labels": true, "readout_uses_test_labels_or_task_id": false}
Task3: current train only; final_fit=2168, classes=80
  features batch 1/46
  features batch 26/46
  features batch 46/46
  features batch 1/12
  features batch 12/12
FrozenReadoutTask {"task": 3, "classes": 80, "alpha": 1.0, "regularizer": 47659.8125, "fit_samples": 2168, "holdout_samples": 0, "cumulative_fit": 9612, "statistics_bytes": 2973696, "reference_status": "matched_indices_and_labels", "ncm_vs_ridge": {"total": {"n": 2498, "base_accuracy": 62.73018414731786, "readout_accuracy": 71.45716573258606, "oracle_accuracy": 75.74059247397918, "rescued": 325, "harmed": 107, "both_wrong": 606}, "old": {"n": 1927, "base_accuracy": 62.74001037882719, "readout_accuracy": 72.08095485210171, "oracle_accuracy": 76.28437986507525, "rescued": 261, "harmed": 81, "both_wrong": 457}, "new": {"n": 571, "base_accuracy": 62.6970227670753, "readout_accuracy": 69.35201401050789, "oracle_accuracy": 73.90542907180385, "rescued": 64, "harmed": 26, "both_wrong": 149}}, "base_vs_ncm": {"total": {"n": 2498, "base_accuracy": 88.11048839071258, "readout_accuracy": 62.73018414731786, "oracle_accuracy": 89.9519615692554, "rescued": 46, "harmed": 680, "both_wrong": 251}, "old": {"n": 1927, "base_accuracy": 88.84276076803322, "readout_accuracy": 62.74001037882719, "oracle_accuracy": 90.60716139076284, "rescued": 34, "harmed": 537, "both_wrong": 181}, "new": {"n": 571, "base_accuracy": 85.63922942206655, "readout_accuracy": 62.6970227670753, "oracle_accuracy": 87.74080560420315, "rescued": 12, "harmed": 143, "both_wrong": 70}}, "base_vs_ridge": {"total": {"n": 2498, "base_accuracy": 88.11048839071258, "readout_accuracy": 71.45716573258606, "oracle_accuracy": 90.55244195356285, "rescued": 61, "harmed": 477, "both_wrong": 236}, "old": {"n": 1927, "base_accuracy": 88.84276076803322, "readout_accuracy": 72.08095485210171, "oracle_accuracy": 91.48936170212765, "rescued": 51, "harmed": 374, "both_wrong": 164}, "new": {"n": 571, "base_accuracy": 85.63922942206655, "readout_accuracy": 69.35201401050789, "oracle_accuracy": 87.39054290718039, "rescued": 10, "harmed": 103, "both_wrong": 72}}, "reference_ncm_agreement_percent": 100.0, "reference_sha256": "a6097257c7c5a41ed47b22b1f4f1a92359d8e3da75ed4c8d8bd5b85aa1580d89", "oracle_uses_true_labels": true, "readout_uses_test_labels_or_task_id": false}
Task4: current train only; final_fit=2058, classes=100
  features batch 1/43
  features batch 26/43
  features batch 43/43
  features batch 1/11
  features batch 11/11
FrozenReadoutTask {"task": 4, "classes": 100, "alpha": 1.0, "regularizer": 58032.723958333336, "fit_samples": 2058, "holdout_samples": 0, "cumulative_fit": 11670, "statistics_bytes": 2973696, "reference_status": "matched_indices_and_labels", "ncm_vs_ridge": {"total": {"n": 2985, "base_accuracy": 59.83249581239531, "readout_accuracy": 68.37520938023451, "oracle_accuracy": 72.83082077051927, "rescued": 388, "harmed": 133, "both_wrong": 811}, "old": {"n": 2498, "base_accuracy": 60.848678943154525, "readout_accuracy": 69.29543634907927, "oracle_accuracy": 73.65892714171338, "rescued": 320, "harmed": 109, "both_wrong": 658}, "new": {"n": 487, "base_accuracy": 54.620123203285424, "readout_accuracy": 63.65503080082136, "oracle_accuracy": 68.58316221765914, "rescued": 68, "harmed": 24, "both_wrong": 153}}, "base_vs_ncm": {"total": {"n": 2985, "base_accuracy": 85.69514237855947, "readout_accuracy": 59.83249581239531, "oracle_accuracy": 87.60469011725293, "rescued": 57, "harmed": 829, "both_wrong": 370}, "old": {"n": 2498, "base_accuracy": 86.30904723779024, "readout_accuracy": 60.848678943154525, "oracle_accuracy": 88.23058446757406, "rescued": 48, "harmed": 684, "both_wrong": 294}, "new": {"n": 487, "base_accuracy": 82.54620123203286, "readout_accuracy": 54.620123203285424, "oracle_accuracy": 84.39425051334702, "rescued": 9, "harmed": 145, "both_wrong": 76}}, "base_vs_ridge": {"total": {"n": 2985, "base_accuracy": 85.69514237855947, "readout_accuracy": 68.37520938023451, "oracle_accuracy": 87.93969849246231, "rescued": 67, "harmed": 584, "both_wrong": 360}, "old": {"n": 2498, "base_accuracy": 86.30904723779024, "readout_accuracy": 69.29543634907927, "oracle_accuracy": 88.67093674939952, "rescued": 59, "harmed": 484, "both_wrong": 283}, "new": {"n": 487, "base_accuracy": 82.54620123203286, "readout_accuracy": 63.65503080082136, "oracle_accuracy": 84.18891170431212, "rescued": 8, "harmed": 100, "both_wrong": 77}}, "reference_ncm_agreement_percent": 100.0, "reference_sha256": "adaa79953c49c6e9591b55dc08854d279a6f2b5cba13b3e1b789e8675b1c2d87", "oracle_uses_true_labels": true, "readout_uses_test_labels_or_task_id": false}
Task5: current train only; final_fit=2523, classes=120
  features batch 1/53
  features batch 26/53
  features batch 51/53
  features batch 53/53
  features batch 1/14
  features batch 14/14
FrozenReadoutTask {"task": 5, "classes": 120, "alpha": 1.0, "regularizer": 70242.81770833333, "fit_samples": 2523, "holdout_samples": 0, "cumulative_fit": 14193, "statistics_bytes": 2973696, "reference_status": "matched_indices_and_labels", "ncm_vs_ridge": {"total": {"n": 3645, "base_accuracy": 57.94238683127572, "readout_accuracy": 65.89849108367626, "oracle_accuracy": 70.78189300411523, "rescued": 468, "harmed": 178, "both_wrong": 1065}, "old": {"n": 2985, "base_accuracy": 58.12395309882747, "readout_accuracy": 65.49413735343384, "oracle_accuracy": 70.51926298157454, "rescued": 370, "harmed": 150, "both_wrong": 880}, "new": {"n": 660, "base_accuracy": 57.121212121212125, "readout_accuracy": 67.72727272727273, "oracle_accuracy": 71.96969696969697, "rescued": 98, "harmed": 28, "both_wrong": 185}}, "base_vs_ncm": {"total": {"n": 3645, "base_accuracy": 84.99314128943759, "readout_accuracy": 57.94238683127572, "oracle_accuracy": 87.2153635116598, "rescued": 81, "harmed": 1067, "both_wrong": 466}, "old": {"n": 2985, "base_accuracy": 84.12060301507537, "readout_accuracy": 58.12395309882747, "oracle_accuracy": 86.49916247906198, "rescued": 71, "harmed": 847, "both_wrong": 403}, "new": {"n": 660, "base_accuracy": 88.93939393939394, "readout_accuracy": 57.121212121212125, "oracle_accuracy": 90.45454545454545, "rescued": 10, "harmed": 220, "both_wrong": 63}}, "base_vs_ridge": {"total": {"n": 3645, "base_accuracy": 84.99314128943759, "readout_accuracy": 65.89849108367626, "oracle_accuracy": 87.2153635116598, "rescued": 81, "harmed": 777, "both_wrong": 466}, "old": {"n": 2985, "base_accuracy": 84.12060301507537, "readout_accuracy": 65.49413735343384, "oracle_accuracy": 86.33165829145729, "rescued": 66, "harmed": 622, "both_wrong": 408}, "new": {"n": 660, "base_accuracy": 88.93939393939394, "readout_accuracy": 67.72727272727273, "oracle_accuracy": 91.21212121212122, "rescued": 15, "harmed": 155, "both_wrong": 58}}, "reference_ncm_agreement_percent": 100.0, "reference_sha256": "7861a9e34d511a0800caacaf9861bc8f479a3adbdd05c2e40b87df7421ed1001", "oracle_uses_true_labels": true, "readout_uses_test_labels_or_task_id": false}
Task6: current train only; final_fit=2010, classes=140
  features batch 1/42
  features batch 26/42
  features batch 42/42
  features batch 1/12
  features batch 12/12
FrozenReadoutTask {"task": 6, "classes": 140, "alpha": 1.0, "regularizer": 80295.59375, "fit_samples": 2010, "holdout_samples": 0, "cumulative_fit": 16203, "statistics_bytes": 2973696, "reference_status": "matched_indices_and_labels", "ncm_vs_ridge": {"total": {"n": 4214, "base_accuracy": 57.308970099667775, "readout_accuracy": 64.1670621737067, "oracle_accuracy": 69.79117228286664, "rescued": 526, "harmed": 237, "both_wrong": 1273}, "old": {"n": 3645, "base_accuracy": 57.06447187928669, "readout_accuracy": 64.91083676268862, "oracle_accuracy": 70.0960219478738, "rescued": 475, "harmed": 189, "both_wrong": 1090}, "new": {"n": 569, "base_accuracy": 58.87521968365554, "readout_accuracy": 59.402460456942, "oracle_accuracy": 67.83831282952548, "rescued": 51, "harmed": 48, "both_wrong": 183}}, "base_vs_ncm": {"total": {"n": 4214, "base_accuracy": 84.36165163739915, "readout_accuracy": 57.308970099667775, "oracle_accuracy": 86.44992880873279, "rescued": 88, "harmed": 1228, "both_wrong": 571}, "old": {"n": 3645, "base_accuracy": 84.2798353909465, "readout_accuracy": 57.06447187928669, "oracle_accuracy": 86.44718792866941, "rescued": 79, "harmed": 1071, "both_wrong": 494}, "new": {"n": 569, "base_accuracy": 84.88576449912127, "readout_accuracy": 58.87521968365554, "oracle_accuracy": 86.46748681898067, "rescued": 9, "harmed": 157, "both_wrong": 77}}, "base_vs_ridge": {"total": {"n": 4214, "base_accuracy": 84.36165163739915, "readout_accuracy": 64.1670621737067, "oracle_accuracy": 86.52112007593735, "rescued": 91, "harmed": 942, "both_wrong": 568}, "old": {"n": 3645, "base_accuracy": 84.2798353909465, "readout_accuracy": 64.91083676268862, "oracle_accuracy": 86.5843621399177, "rescued": 84, "harmed": 790, "both_wrong": 489}, "new": {"n": 569, "base_accuracy": 84.88576449912127, "readout_accuracy": 59.402460456942, "oracle_accuracy": 86.11599297012302, "rescued": 7, "harmed": 152, "both_wrong": 79}}, "reference_ncm_agreement_percent": 100.0, "reference_sha256": "809bb9f7cdb0b7e9bcd853eb5c0d9b05b3c1dbe3bc31d7e89fcd904b36c20e21", "oracle_uses_true_labels": true, "readout_uses_test_labels_or_task_id": false}
Task7: current train only; final_fit=2664, classes=160
  features batch 1/56
  features batch 26/56
  features batch 51/56
  features batch 56/56
  features batch 1/16
  features batch 16/16
FrozenReadoutTask {"task": 7, "classes": 160, "alpha": 1.0, "regularizer": 92833.02083333333, "fit_samples": 2664, "holdout_samples": 0, "cumulative_fit": 18867, "statistics_bytes": 2973696, "reference_status": "matched_indices_and_labels", "ncm_vs_ridge": {"total": {"n": 4943, "base_accuracy": 56.018612178838765, "readout_accuracy": 63.827635039449724, "oracle_accuracy": 69.35059680356059, "rescued": 659, "harmed": 273, "both_wrong": 1515}, "old": {"n": 4214, "base_accuracy": 55.52918841955387, "readout_accuracy": 62.648315140009494, "oracle_accuracy": 68.48599905078311, "rescued": 546, "harmed": 246, "both_wrong": 1328}, "new": {"n": 729, "base_accuracy": 58.8477366255144, "readout_accuracy": 70.64471879286694, "oracle_accuracy": 74.34842249657065, "rescued": 113, "harmed": 27, "both_wrong": 187}}, "base_vs_ncm": {"total": {"n": 4943, "base_accuracy": 83.83572729111876, "readout_accuracy": 56.018612178838765, "oracle_accuracy": 85.81832895003035, "rescued": 98, "harmed": 1473, "both_wrong": 701}, "old": {"n": 4214, "base_accuracy": 83.48362600854296, "readout_accuracy": 55.52918841955387, "oracle_accuracy": 85.47698149027053, "rescued": 84, "harmed": 1262, "both_wrong": 612}, "new": {"n": 729, "base_accuracy": 85.87105624142661, "readout_accuracy": 58.8477366255144, "oracle_accuracy": 87.79149519890261, "rescued": 14, "harmed": 211, "both_wrong": 89}}, "base_vs_ridge": {"total": {"n": 4943, "base_accuracy": 83.83572729111876, "readout_accuracy": 63.827635039449724, "oracle_accuracy": 85.87902083754805, "rescued": 101, "harmed": 1090, "both_wrong": 698}, "old": {"n": 4214, "base_accuracy": 83.48362600854296, "readout_accuracy": 62.648315140009494, "oracle_accuracy": 85.47698149027053, "rescued": 84, "harmed": 962, "both_wrong": 612}, "new": {"n": 729, "base_accuracy": 85.87105624142661, "readout_accuracy": 70.64471879286694, "oracle_accuracy": 88.20301783264746, "rescued": 17, "harmed": 128, "both_wrong": 86}}, "reference_ncm_agreement_percent": 100.0, "reference_sha256": "1961fd013e84a69b67dc32ff3d2ef3d0b62150a187eda95cfb0e55460533e3d6", "oracle_uses_true_labels": true, "readout_uses_test_labels_or_task_id": false}
Task8: current train only; final_fit=1843, classes=180
  features batch 1/39
  features batch 26/39
  features batch 39/39
  features batch 1/10
  features batch 10/10
FrozenReadoutTask {"task": 8, "classes": 180, "alpha": 1.0, "regularizer": 102199.8125, "fit_samples": 1843, "holdout_samples": 0, "cumulative_fit": 20710, "statistics_bytes": 2973696, "reference_status": "matched_indices_and_labels", "ncm_vs_ridge": {"total": {"n": 5421, "base_accuracy": 55.19276886183361, "readout_accuracy": 62.62682161962738, "oracle_accuracy": 68.40066408411732, "rescued": 716, "harmed": 313, "both_wrong": 1713}, "old": {"n": 4943, "base_accuracy": 55.20938701193607, "readout_accuracy": 62.93748735585677, "oracle_accuracy": 68.58183289500303, "rescued": 661, "harmed": 279, "both_wrong": 1553}, "new": {"n": 478, "base_accuracy": 55.02092050209205, "readout_accuracy": 59.41422594142259, "oracle_accuracy": 66.52719665271967, "rescued": 55, "harmed": 34, "both_wrong": 160}}, "base_vs_ncm": {"total": {"n": 5421, "base_accuracy": 83.01051466519093, "readout_accuracy": 55.19276886183361, "oracle_accuracy": 84.96587345508209, "rescued": 106, "harmed": 1614, "both_wrong": 815}, "old": {"n": 4943, "base_accuracy": 82.78373457414526, "readout_accuracy": 55.20938701193607, "oracle_accuracy": 84.86748937891969, "rescued": 103, "harmed": 1466, "both_wrong": 748}, "new": {"n": 478, "base_accuracy": 85.35564853556485, "readout_accuracy": 55.02092050209205, "oracle_accuracy": 85.98326359832636, "rescued": 3, "harmed": 148, "both_wrong": 67}}, "base_vs_ridge": {"total": {"n": 5421, "base_accuracy": 83.01051466519093, "readout_accuracy": 62.62682161962738, "oracle_accuracy": 85.11344770337575, "rescued": 114, "harmed": 1219, "both_wrong": 807}, "old": {"n": 4943, "base_accuracy": 82.78373457414526, "readout_accuracy": 62.93748735585677, "oracle_accuracy": 85.00910378312766, "rescued": 110, "harmed": 1091, "both_wrong": 741}, "new": {"n": 478, "base_accuracy": 85.35564853556485, "readout_accuracy": 59.41422594142259, "oracle_accuracy": 86.19246861924687, "rescued": 4, "harmed": 128, "both_wrong": 66}}, "reference_ncm_agreement_percent": 100.0, "reference_sha256": "fd3eb1c0b03fb1559da589b053075118ae29590c6a1264ace5ce24f75ab13648", "oracle_uses_true_labels": true, "readout_uses_test_labels_or_task_id": false}
Task9: current train only; final_fit=2147, classes=200
  features batch 1/45
  features batch 26/45
  features batch 45/45
  features batch 1/13
  features batch 13/13
FrozenReadoutTask {"task": 9, "classes": 200, "alpha": 1.0, "regularizer": 112490.52083333333, "fit_samples": 2147, "holdout_samples": 0, "cumulative_fit": 22857, "statistics_bytes": 2973696, "reference_status": "matched_indices_and_labels", "ncm_vs_ridge": {"total": {"n": 6000, "base_accuracy": 54.11666666666667, "readout_accuracy": 60.85, "oracle_accuracy": 66.96666666666667, "rescued": 771, "harmed": 367, "both_wrong": 1982}, "old": {"n": 5421, "base_accuracy": 53.88304740822726, "readout_accuracy": 60.91127098321343, "oracle_accuracy": 67.03560228740085, "rescued": 713, "harmed": 332, "both_wrong": 1787}, "new": {"n": 579, "base_accuracy": 56.303972366148535, "readout_accuracy": 60.27633851468048, "oracle_accuracy": 66.32124352331606, "rescued": 58, "harmed": 35, "both_wrong": 195}}, "base_vs_ncm": {"total": {"n": 6000, "base_accuracy": 82.46666666666667, "readout_accuracy": 54.11666666666667, "oracle_accuracy": 84.55, "rescued": 125, "harmed": 1826, "both_wrong": 927}, "old": {"n": 5421, "base_accuracy": 82.10662239439218, "readout_accuracy": 53.88304740822726, "oracle_accuracy": 84.1726618705036, "rescued": 112, "harmed": 1642, "both_wrong": 858}, "new": {"n": 579, "base_accuracy": 85.83765112262522, "readout_accuracy": 56.303972366148535, "oracle_accuracy": 88.08290155440415, "rescued": 13, "harmed": 184, "both_wrong": 69}}, "base_vs_ridge": {"total": {"n": 6000, "base_accuracy": 82.46666666666667, "readout_accuracy": 60.85, "oracle_accuracy": 84.76666666666667, "rescued": 138, "harmed": 1435, "both_wrong": 914}, "old": {"n": 5421, "base_accuracy": 82.10662239439218, "readout_accuracy": 60.91127098321343, "oracle_accuracy": 84.46781036709095, "rescued": 128, "harmed": 1277, "both_wrong": 842}, "new": {"n": 579, "base_accuracy": 85.83765112262522, "readout_accuracy": 60.27633851468048, "oracle_accuracy": 87.56476683937824, "rescued": 10, "harmed": 158, "both_wrong": 72}}, "reference_ncm_agreement_percent": 100.0, "reference_sha256": "14a7a925a990aeabc9def07327e6462f73f17f60360250f22e7b62fff49160cc", "oracle_uses_true_labels": true, "readout_uses_test_labels_or_task_id": false}
FrozenReadoutSummary {"tasks": 10, "selected_alpha": 1.0, "statistics_bytes": 2973696, "ncm_average": 61.07173443926829, "ridge_average": 69.08343741175621, "ncm_last": 54.11666666666667, "ridge_last": 60.85, "paired_reference_tasks": 10, "ridge_complement_oracle_average": 89.11207221511052, "ncm_complement_oracle_average": 88.93476758417773, "base_average": 87.20844900667284, "last_report": {"task": 9, "classes": 200, "alpha": 1.0, "regularizer": 112490.52083333333, "fit_samples": 2147, "holdout_samples": 0, "cumulative_fit": 22857, "statistics_bytes": 2973696, "reference_status": "matched_indices_and_labels", "ncm_vs_ridge": {"total": {"n": 6000, "base_accuracy": 54.11666666666667, "readout_accuracy": 60.85, "oracle_accuracy": 66.96666666666667, "rescued": 771, "harmed": 367, "both_wrong": 1982}, "old": {"n": 5421, "base_accuracy": 53.88304740822726, "readout_accuracy": 60.91127098321343, "oracle_accuracy": 67.03560228740085, "rescued": 713, "harmed": 332, "both_wrong": 1787}, "new": {"n": 579, "base_accuracy": 56.303972366148535, "readout_accuracy": 60.27633851468048, "oracle_accuracy": 66.32124352331606, "rescued": 58, "harmed": 35, "both_wrong": 195}}, "base_vs_ncm": {"total": {"n": 6000, "base_accuracy": 82.46666666666667, "readout_accuracy": 54.11666666666667, "oracle_accuracy": 84.55, "rescued": 125, "harmed": 1826, "both_wrong": 927}, "old": {"n": 5421, "base_accuracy": 82.10662239439218, "readout_accuracy": 53.88304740822726, "oracle_accuracy": 84.1726618705036, "rescued": 112, "harmed": 1642, "both_wrong": 858}, "new": {"n": 579, "base_accuracy": 85.83765112262522, "readout_accuracy": 56.303972366148535, "oracle_accuracy": 88.08290155440415, "rescued": 13, "harmed": 184, "both_wrong": 69}}, "base_vs_ridge": {"total": {"n": 6000, "base_accuracy": 82.46666666666667, "readout_accuracy": 60.85, "oracle_accuracy": 84.76666666666667, "rescued": 138, "harmed": 1435, "both_wrong": 914}, "old": {"n": 5421, "base_accuracy": 82.10662239439218, "readout_accuracy": 60.91127098321343, "oracle_accuracy": 84.46781036709095, "rescued": 128, "harmed": 1277, "both_wrong": 842}, "new": {"n": 579, "base_accuracy": 85.83765112262522, "readout_accuracy": 60.27633851468048, "oracle_accuracy": 87.56476683937824, "rescued": 10, "harmed": 158, "both_wrong": 72}}, "reference_ncm_agreement_percent": 100.0, "reference_sha256": "14a7a925a990aeabc9def07327e6462f73f17f60360250f22e7b62fff49160cc", "oracle_uses_true_labels": true, "readout_uses_test_labels_or_task_id": false}, "comparison_status": "paired_complete"}
DualMask complement comparison: paired_complete; paired tasks=10/10
Finished: logs/frozen_readout/3090/20261001_184446_088662; seconds=76.3
