{
  "machine": "5090",
  "seed": 1993,
  "tasks": 10,
  "config_source": "logs/shell_logs/imgr10_expert_legal_5090/20261001_150145_686685/t10/run.json",
  "reference_dir": "logs/shell_logs/imgr10_expert_legal_5090/20261001_150145_686685/t10/diagnostics",
  "data_path": "/mnt/disk1/lys/imagenet-r",
  "out": "logs/frozen_readout/5090/20261001_184445_738174",
  "outer_holdout_mod": 10,
  "reference_protocol_compatible": true,
  "ncm_and_ridge_fit_same_samples": true,
  "train_dualmask": false,
  "save_weights": false,
  "save_dense_features": false,
  "old_train_image_replay": false,
  "alpha_selection": "task0_train_holdout_only_then_fixed",
  "final_fit": "all_available_current_train_after_alpha_selection",
  "disable_fused_sdpa": true
}
No new DualMask run. Missing reference cache => standalone scores only.
Code revision: fa08675a37225ae460f1861a4a4e97c548796b71
Fixed backbone SHA256: e4ee940923884dcf6a3f04cd16fca0ba6a4ba4fc12b053d01cea2510e50b7947
Task0: current train only; final_fit=2804, classes=20
  features batch 1/59
  features batch 26/59
  features batch 51/59
  features batch 59/59
Task0 train-holdout selected alpha=1.0; fixed for every later task.
  features batch 1/15
  features batch 15/15
FrozenReadoutTask {"task": 0, "classes": 20, "alpha": 1.0, "regularizer": 13777.188802083334, "fit_samples": 2804, "holdout_samples": 568, "cumulative_fit": 2804, "statistics_bytes": 2973696, "reference_status": "matched_indices_and_labels", "ncm_vs_ridge": {"total": {"n": 689, "base_accuracy": 74.89114658925979, "readout_accuracy": 83.74455732946299, "oracle_accuracy": 86.066763425254, "rescued": 77, "harmed": 16, "both_wrong": 96}, "old": {"n": 0, "base_accuracy": null, "readout_accuracy": null, "oracle_accuracy": null, "rescued": 0, "harmed": 0, "both_wrong": 0}, "new": {"n": 689, "base_accuracy": 74.89114658925979, "readout_accuracy": 83.74455732946299, "oracle_accuracy": 86.066763425254, "rescued": 77, "harmed": 16, "both_wrong": 96}}, "base_vs_ncm": {"total": {"n": 689, "base_accuracy": 96.66182873730044, "readout_accuracy": 74.89114658925979, "oracle_accuracy": 97.677793904209, "rescued": 7, "harmed": 157, "both_wrong": 16}, "old": {"n": 0, "base_accuracy": null, "readout_accuracy": null, "oracle_accuracy": null, "rescued": 0, "harmed": 0, "both_wrong": 0}, "new": {"n": 689, "base_accuracy": 96.66182873730044, "readout_accuracy": 74.89114658925979, "oracle_accuracy": 97.677793904209, "rescued": 7, "harmed": 157, "both_wrong": 16}}, "base_vs_ridge": {"total": {"n": 689, "base_accuracy": 96.66182873730044, "readout_accuracy": 83.74455732946299, "oracle_accuracy": 97.53265602322206, "rescued": 6, "harmed": 95, "both_wrong": 17}, "old": {"n": 0, "base_accuracy": null, "readout_accuracy": null, "oracle_accuracy": null, "rescued": 0, "harmed": 0, "both_wrong": 0}, "new": {"n": 689, "base_accuracy": 96.66182873730044, "readout_accuracy": 83.74455732946299, "oracle_accuracy": 97.53265602322206, "rescued": 6, "harmed": 95, "both_wrong": 17}}, "reference_ncm_agreement_percent": 100.0, "reference_sha256": "d5376a4dd4465763d68ccb34213493a1bf7e43b0228bd0f6cb2c6aac200bc19a", "oracle_uses_true_labels": true, "readout_uses_test_labels_or_task_id": false}
Task1: current train only; final_fit=2297, classes=40
  features batch 1/48
  features batch 26/48
  features batch 48/48
  features batch 1/14
  features batch 14/14
FrozenReadoutTask {"task": 1, "classes": 40, "alpha": 1.0, "regularizer": 25098.346354166668, "fit_samples": 2297, "holdout_samples": 0, "cumulative_fit": 5101, "statistics_bytes": 2973696, "reference_status": "matched_indices_and_labels", "ncm_vs_ridge": {"total": {"n": 1321, "base_accuracy": 67.37320211960636, "readout_accuracy": 76.23012869038607, "oracle_accuracy": 80.01514004542014, "rescued": 167, "harmed": 50, "both_wrong": 264}, "old": {"n": 689, "base_accuracy": 69.66618287373004, "readout_accuracy": 79.39042089985486, "oracle_accuracy": 82.72859216255442, "rescued": 90, "harmed": 23, "both_wrong": 119}, "new": {"n": 632, "base_accuracy": 64.87341772151899, "readout_accuracy": 72.78481012658227, "oracle_accuracy": 77.05696202531645, "rescued": 77, "harmed": 27, "both_wrong": 145}}, "base_vs_ncm": {"total": {"n": 1321, "base_accuracy": 92.12717638152914, "readout_accuracy": 67.37320211960636, "oracle_accuracy": 93.26267978803936, "rescued": 15, "harmed": 342, "both_wrong": 89}, "old": {"n": 689, "base_accuracy": 95.21044992743106, "readout_accuracy": 69.66618287373004, "oracle_accuracy": 96.37155297532657, "rescued": 8, "harmed": 184, "both_wrong": 25}, "new": {"n": 632, "base_accuracy": 88.76582278481013, "readout_accuracy": 64.87341772151899, "oracle_accuracy": 89.87341772151899, "rescued": 7, "harmed": 158, "both_wrong": 64}}, "base_vs_ridge": {"total": {"n": 1321, "base_accuracy": 92.12717638152914, "readout_accuracy": 76.23012869038607, "oracle_accuracy": 93.64118092354278, "rescued": 20, "harmed": 230, "both_wrong": 84}, "old": {"n": 689, "base_accuracy": 95.21044992743106, "readout_accuracy": 79.39042089985486, "oracle_accuracy": 96.37155297532657, "rescued": 8, "harmed": 117, "both_wrong": 25}, "new": {"n": 632, "base_accuracy": 88.76582278481013, "readout_accuracy": 72.78481012658227, "oracle_accuracy": 90.66455696202532, "rescued": 12, "harmed": 113, "both_wrong": 59}}, "reference_ncm_agreement_percent": 100.0, "reference_sha256": "9fb189aa60d4e85c3caa1fdf38c9930adf53164fcf42af99192e4ea02577ec91", "oracle_uses_true_labels": true, "readout_uses_test_labels_or_task_id": false}
Task2: current train only; final_fit=2101, classes=60
  features batch 1/44
  features batch 26/44
  features batch 44/44
  features batch 1/13
  features batch 13/13
FrozenReadoutTask {"task": 2, "classes": 60, "alpha": 1.0, "regularizer": 35562.614583333336, "fit_samples": 2101, "holdout_samples": 0, "cumulative_fit": 7202, "statistics_bytes": 2973696, "reference_status": "matched_indices_and_labels", "ncm_vs_ridge": {"total": {"n": 1927, "base_accuracy": 65.43850544888427, "readout_accuracy": 73.32641411520498, "oracle_accuracy": 77.27036844836533, "rescued": 228, "harmed": 76, "both_wrong": 438}, "old": {"n": 1321, "base_accuracy": 65.1778955336866, "readout_accuracy": 73.6563209689629, "oracle_accuracy": 77.81983345950037, "rescued": 167, "harmed": 55, "both_wrong": 293}, "new": {"n": 606, "base_accuracy": 66.00660066006601, "readout_accuracy": 72.60726072607261, "oracle_accuracy": 76.07260726072607, "rescued": 61, "harmed": 21, "both_wrong": 145}}, "base_vs_ncm": {"total": {"n": 1927, "base_accuracy": 89.36170212765957, "readout_accuracy": 65.43850544888427, "oracle_accuracy": 90.9704203425013, "rescued": 31, "harmed": 492, "both_wrong": 174}, "old": {"n": 1321, "base_accuracy": 90.76457229371688, "readout_accuracy": 65.1778955336866, "oracle_accuracy": 92.12717638152914, "rescued": 18, "harmed": 356, "both_wrong": 104}, "new": {"n": 606, "base_accuracy": 86.3036303630363, "readout_accuracy": 66.00660066006601, "oracle_accuracy": 88.44884488448845, "rescued": 13, "harmed": 136, "both_wrong": 70}}, "base_vs_ridge": {"total": {"n": 1927, "base_accuracy": 89.36170212765957, "readout_accuracy": 73.32641411520498, "oracle_accuracy": 91.17799688635185, "rescued": 35, "harmed": 344, "both_wrong": 170}, "old": {"n": 1321, "base_accuracy": 90.76457229371688, "readout_accuracy": 73.6563209689629, "oracle_accuracy": 92.2785768357305, "rescued": 20, "harmed": 246, "both_wrong": 102}, "new": {"n": 606, "base_accuracy": 86.3036303630363, "readout_accuracy": 72.60726072607261, "oracle_accuracy": 88.77887788778878, "rescued": 15, "harmed": 98, "both_wrong": 68}}, "reference_ncm_agreement_percent": 100.0, "reference_sha256": "395fc85414f8dc77aae4f276bfc582462d6352333e37f5db93cffadd7f96f2b4", "oracle_uses_true_labels": true, "readout_uses_test_labels_or_task_id": false}
Task3: current train only; final_fit=2054, classes=80
  features batch 1/43
  features batch 26/43
  features batch 43/43
  features batch 1/12
  features batch 12/12
FrozenReadoutTask {"task": 3, "classes": 80, "alpha": 1.0, "regularizer": 45873.473958333336, "fit_samples": 2054, "holdout_samples": 0, "cumulative_fit": 9256, "statistics_bytes": 2973696, "reference_status": "matched_indices_and_labels", "ncm_vs_ridge": {"total": {"n": 2498, "base_accuracy": 62.530024019215375, "readout_accuracy": 71.37710168134508, "oracle_accuracy": 75.42033626901521, "rescued": 322, "harmed": 101, "both_wrong": 614}, "old": {"n": 1927, "base_accuracy": 62.584327970939285, "readout_accuracy": 72.02906071613907, "oracle_accuracy": 75.97301504929943, "rescued": 258, "harmed": 76, "both_wrong": 463}, "new": {"n": 571, "base_accuracy": 62.34676007005254, "readout_accuracy": 69.1768826619965, "oracle_accuracy": 73.55516637478108, "rescued": 64, "harmed": 25, "both_wrong": 151}}, "base_vs_ncm": {"total": {"n": 2498, "base_accuracy": 87.30984787830265, "readout_accuracy": 62.530024019215375, "oracle_accuracy": 89.47157726180944, "rescued": 54, "harmed": 673, "both_wrong": 263}, "old": {"n": 1927, "base_accuracy": 88.32381940840685, "readout_accuracy": 62.584327970939285, "oracle_accuracy": 90.2439024390244, "rescued": 37, "harmed": 533, "both_wrong": 188}, "new": {"n": 571, "base_accuracy": 83.88791593695271, "readout_accuracy": 62.34676007005254, "oracle_accuracy": 86.86514886164623, "rescued": 17, "harmed": 140, "both_wrong": 75}}, "base_vs_ridge": {"total": {"n": 2498, "base_accuracy": 87.30984787830265, "readout_accuracy": 71.37710168134508, "oracle_accuracy": 89.91192954363491, "rescued": 65, "harmed": 463, "both_wrong": 252}, "old": {"n": 1927, "base_accuracy": 88.32381940840685, "readout_accuracy": 72.02906071613907, "oracle_accuracy": 91.02231447846394, "rescued": 52, "harmed": 366, "both_wrong": 173}, "new": {"n": 571, "base_accuracy": 83.88791593695271, "readout_accuracy": 69.1768826619965, "oracle_accuracy": 86.1646234676007, "rescued": 13, "harmed": 97, "both_wrong": 79}}, "reference_ncm_agreement_percent": 100.0, "reference_sha256": "cb8ff1a00ce3597332b387de216fc9c53beb50bbf53d3e9839e06027f16491d1", "oracle_uses_true_labels": true, "readout_uses_test_labels_or_task_id": false}
Task4: current train only; final_fit=1949, classes=100
  features batch 1/41
  features batch 26/41
  features batch 41/41
  features batch 1/11
  features batch 11/11
FrozenReadoutTask {"task": 4, "classes": 100, "alpha": 1.0, "regularizer": 55690.416666666664, "fit_samples": 1949, "holdout_samples": 0, "cumulative_fit": 11205, "statistics_bytes": 2973696, "reference_status": "matched_indices_and_labels", "ncm_vs_ridge": {"total": {"n": 2985, "base_accuracy": 59.597989949748744, "readout_accuracy": 68.37520938023451, "oracle_accuracy": 72.56281407035176, "rescued": 387, "harmed": 125, "both_wrong": 819}, "old": {"n": 2498, "base_accuracy": 60.76861489191353, "readout_accuracy": 69.37550040032026, "oracle_accuracy": 73.53883106485188, "rescued": 319, "harmed": 104, "both_wrong": 661}, "new": {"n": 487, "base_accuracy": 53.59342915811088, "readout_accuracy": 63.24435318275154, "oracle_accuracy": 67.5564681724846, "rescued": 68, "harmed": 21, "both_wrong": 158}}, "base_vs_ncm": {"total": {"n": 2985, "base_accuracy": 85.25963149078727, "readout_accuracy": 59.597989949748744, "oracle_accuracy": 87.37018425460637, "rescued": 63, "harmed": 829, "both_wrong": 377}, "old": {"n": 2498, "base_accuracy": 85.78863090472377, "readout_accuracy": 60.76861489191353, "oracle_accuracy": 88.03042433947158, "rescued": 56, "harmed": 681, "both_wrong": 299}, "new": {"n": 487, "base_accuracy": 82.54620123203286, "readout_accuracy": 53.59342915811088, "oracle_accuracy": 83.9835728952772, "rescued": 7, "harmed": 148, "both_wrong": 78}}, "base_vs_ridge": {"total": {"n": 2985, "base_accuracy": 85.25963149078727, "readout_accuracy": 68.37520938023451, "oracle_accuracy": 87.73869346733669, "rescued": 74, "harmed": 578, "both_wrong": 366}, "old": {"n": 2498, "base_accuracy": 85.78863090472377, "readout_accuracy": 69.37550040032026, "oracle_accuracy": 88.39071257005604, "rescued": 65, "harmed": 475, "both_wrong": 290}, "new": {"n": 487, "base_accuracy": 82.54620123203286, "readout_accuracy": 63.24435318275154, "oracle_accuracy": 84.39425051334702, "rescued": 9, "harmed": 103, "both_wrong": 76}}, "reference_ncm_agreement_percent": 100.0, "reference_sha256": "989824a6955570b0f244f358cd5705715278c3aeae2dade7eb29285564797e90", "oracle_uses_true_labels": true, "readout_uses_test_labels_or_task_id": false}
Task5: current train only; final_fit=2390, classes=120
  features batch 1/50
  features batch 26/50
  features batch 50/50
  features batch 1/14
  features batch 14/14
FrozenReadoutTask {"task": 5, "classes": 120, "alpha": 1.0, "regularizer": 67237.09375, "fit_samples": 2390, "holdout_samples": 0, "cumulative_fit": 13595, "statistics_bytes": 2973696, "reference_status": "matched_indices_and_labels", "ncm_vs_ridge": {"total": {"n": 3645, "base_accuracy": 57.80521262002743, "readout_accuracy": 65.84362139917695, "oracle_accuracy": 70.6721536351166, "rescued": 469, "harmed": 176, "both_wrong": 1069}, "old": {"n": 2985, "base_accuracy": 57.88944723618091, "readout_accuracy": 65.62814070351759, "oracle_accuracy": 70.58626465661642, "rescued": 379, "harmed": 148, "both_wrong": 878}, "new": {"n": 660, "base_accuracy": 57.42424242424242, "readout_accuracy": 66.81818181818181, "oracle_accuracy": 71.06060606060606, "rescued": 90, "harmed": 28, "both_wrong": 191}}, "base_vs_ncm": {"total": {"n": 3645, "base_accuracy": 84.44444444444444, "readout_accuracy": 57.80521262002743, "oracle_accuracy": 86.63923182441701, "rescued": 80, "harmed": 1051, "both_wrong": 487}, "old": {"n": 2985, "base_accuracy": 83.45058626465662, "readout_accuracy": 57.88944723618091, "oracle_accuracy": 85.79564489112228, "rescued": 70, "harmed": 833, "both_wrong": 424}, "new": {"n": 660, "base_accuracy": 88.93939393939394, "readout_accuracy": 57.42424242424242, "oracle_accuracy": 90.45454545454545, "rescued": 10, "harmed": 218, "both_wrong": 63}}, "base_vs_ridge": {"total": {"n": 3645, "base_accuracy": 84.44444444444444, "readout_accuracy": 65.84362139917695, "oracle_accuracy": 86.96844993141289, "rescued": 92, "harmed": 770, "both_wrong": 475}, "old": {"n": 2985, "base_accuracy": 83.45058626465662, "readout_accuracy": 65.62814070351759, "oracle_accuracy": 86.06365159128978, "rescued": 78, "harmed": 610, "both_wrong": 416}, "new": {"n": 660, "base_accuracy": 88.93939393939394, "readout_accuracy": 66.81818181818181, "oracle_accuracy": 91.06060606060606, "rescued": 14, "harmed": 160, "both_wrong": 59}}, "reference_ncm_agreement_percent": 100.0, "reference_sha256": "a7bd086ae8c27490b404b3a029ae35068522454a3392c24bbff37aca26da748a", "oracle_uses_true_labels": true, "readout_uses_test_labels_or_task_id": false}
Task6: current train only; final_fit=1903, classes=140
  features batch 1/40
  features batch 26/40
  features batch 40/40
  features batch 1/12
  features batch 12/12
FrozenReadoutTask {"task": 6, "classes": 140, "alpha": 1.0, "regularizer": 76759.69791666667, "fit_samples": 1903, "holdout_samples": 0, "cumulative_fit": 15498, "statistics_bytes": 2973696, "reference_status": "matched_indices_and_labels", "ncm_vs_ridge": {"total": {"n": 4214, "base_accuracy": 57.23777883246322, "readout_accuracy": 64.07214048410061, "oracle_accuracy": 69.79117228286664, "rescued": 529, "harmed": 241, "both_wrong": 1273}, "old": {"n": 3645, "base_accuracy": 56.95473251028807, "readout_accuracy": 64.80109739368999, "oracle_accuracy": 70.0960219478738, "rescued": 479, "harmed": 193, "both_wrong": 1090}, "new": {"n": 569, "base_accuracy": 59.05096660808436, "readout_accuracy": 59.402460456942, "oracle_accuracy": 67.83831282952548, "rescued": 50, "harmed": 48, "both_wrong": 183}}, "base_vs_ncm": {"total": {"n": 4214, "base_accuracy": 83.6734693877551, "readout_accuracy": 57.23777883246322, "oracle_accuracy": 85.99905078310394, "rescued": 98, "harmed": 1212, "both_wrong": 590}, "old": {"n": 3645, "base_accuracy": 83.53909465020575, "readout_accuracy": 56.95473251028807, "oracle_accuracy": 86.03566529492456, "rescued": 91, "harmed": 1060, "both_wrong": 509}, "new": {"n": 569, "base_accuracy": 84.53427065026362, "readout_accuracy": 59.05096660808436, "oracle_accuracy": 85.76449912126537, "rescued": 7, "harmed": 152, "both_wrong": 81}}, "base_vs_ridge": {"total": {"n": 4214, "base_accuracy": 83.6734693877551, "readout_accuracy": 64.07214048410061, "oracle_accuracy": 86.0702420503085, "rescued": 101, "harmed": 927, "both_wrong": 587}, "old": {"n": 3645, "base_accuracy": 83.53909465020575, "readout_accuracy": 64.80109739368999, "oracle_accuracy": 86.11796982167353, "rescued": 94, "harmed": 777, "both_wrong": 506}, "new": {"n": 569, "base_accuracy": 84.53427065026362, "readout_accuracy": 59.402460456942, "oracle_accuracy": 85.76449912126537, "rescued": 7, "harmed": 150, "both_wrong": 81}}, "reference_ncm_agreement_percent": 100.0, "reference_sha256": "1c662ff058c22b282f51d6a41189469a517a3bd385122c37682c7a522d29d1dc", "oracle_uses_true_labels": true, "readout_uses_test_labels_or_task_id": false}
Task7: current train only; final_fit=2525, classes=160
  features batch 1/53
  features batch 26/53
  features batch 51/53
  features batch 53/53
  features batch 1/16
  features batch 16/16
FrozenReadoutTask {"task": 7, "classes": 160, "alpha": 1.0, "regularizer": 88613.46875, "fit_samples": 2525, "holdout_samples": 0, "cumulative_fit": 18023, "statistics_bytes": 2973696, "reference_status": "matched_indices_and_labels", "ncm_vs_ridge": {"total": {"n": 4943, "base_accuracy": 55.99838154966619, "readout_accuracy": 63.50394497268865, "oracle_accuracy": 69.16852114100749, "rescued": 651, "harmed": 280, "both_wrong": 1524}, "old": {"n": 4214, "base_accuracy": 55.48172757475083, "readout_accuracy": 62.38728049359278, "oracle_accuracy": 68.36734693877551, "rescued": 543, "harmed": 252, "both_wrong": 1333}, "new": {"n": 729, "base_accuracy": 58.98491083676269, "readout_accuracy": 69.95884773662551, "oracle_accuracy": 73.7997256515775, "rescued": 108, "harmed": 28, "both_wrong": 191}}, "base_vs_ncm": {"total": {"n": 4943, "base_accuracy": 83.69411288691079, "readout_accuracy": 55.99838154966619, "oracle_accuracy": 85.77786769168522, "rescued": 103, "harmed": 1472, "both_wrong": 703}, "old": {"n": 4214, "base_accuracy": 83.17513051732321, "readout_accuracy": 55.48172757475083, "oracle_accuracy": 85.23967726625534, "rescued": 87, "harmed": 1254, "both_wrong": 622}, "new": {"n": 729, "base_accuracy": 86.69410150891632, "readout_accuracy": 58.98491083676269, "oracle_accuracy": 88.88888888888889, "rescued": 16, "harmed": 218, "both_wrong": 81}}, "base_vs_ridge": {"total": {"n": 4943, "base_accuracy": 83.69411288691079, "readout_accuracy": 63.50394497268865, "oracle_accuracy": 85.67671454582238, "rescued": 98, "harmed": 1096, "both_wrong": 708}, "old": {"n": 4214, "base_accuracy": 83.17513051732321, "readout_accuracy": 62.38728049359278, "oracle_accuracy": 85.14475557664926, "rescued": 83, "harmed": 959, "both_wrong": 626}, "new": {"n": 729, "base_accuracy": 86.69410150891632, "readout_accuracy": 69.95884773662551, "oracle_accuracy": 88.7517146776406, "rescued": 15, "harmed": 137, "both_wrong": 82}}, "reference_ncm_agreement_percent": 100.0, "reference_sha256": "a4f78e0aad1332fc8ddab57c26238fb829803c473ab59f1ab2e93b2324f77c43", "oracle_uses_true_labels": true, "readout_uses_test_labels_or_task_id": false}
Task8: current train only; final_fit=1744, classes=180
  features batch 1/37
  features batch 26/37
  features batch 37/37
  features batch 1/10
  features batch 10/10
FrozenReadoutTask {"task": 8, "classes": 180, "alpha": 1.0, "regularizer": 97445.34375, "fit_samples": 1744, "holdout_samples": 0, "cumulative_fit": 19767, "statistics_bytes": 2973696, "reference_status": "matched_indices_and_labels", "ncm_vs_ridge": {"total": {"n": 5421, "base_accuracy": 55.24810920494374, "readout_accuracy": 62.2763327799299, "oracle_accuracy": 68.25308983582364, "rescued": 705, "harmed": 324, "both_wrong": 1721}, "old": {"n": 4943, "base_accuracy": 55.27007889945377, "readout_accuracy": 62.59356665992313, "oracle_accuracy": 68.4199878616225, "rescued": 650, "harmed": 288, "both_wrong": 1561}, "new": {"n": 478, "base_accuracy": 55.02092050209205, "readout_accuracy": 58.99581589958159, "oracle_accuracy": 66.52719665271967, "rescued": 55, "harmed": 36, "both_wrong": 160}}, "base_vs_ncm": {"total": {"n": 5421, "base_accuracy": 82.67847260653016, "readout_accuracy": 55.24810920494374, "oracle_accuracy": 84.83674598782513, "rescued": 117, "harmed": 1604, "both_wrong": 822}, "old": {"n": 4943, "base_accuracy": 82.46004450738418, "readout_accuracy": 55.27007889945377, "oracle_accuracy": 84.74610560388427, "rescued": 113, "harmed": 1457, "both_wrong": 754}, "new": {"n": 478, "base_accuracy": 84.93723849372385, "readout_accuracy": 55.02092050209205, "oracle_accuracy": 85.77405857740585, "rescued": 4, "harmed": 147, "both_wrong": 68}}, "base_vs_ridge": {"total": {"n": 5421, "base_accuracy": 82.67847260653016, "readout_accuracy": 62.2763327799299, "oracle_accuracy": 84.91053311197196, "rescued": 121, "harmed": 1227, "both_wrong": 818}, "old": {"n": 4943, "base_accuracy": 82.46004450738418, "readout_accuracy": 62.59356665992313, "oracle_accuracy": 84.84725874974711, "rescued": 118, "harmed": 1100, "both_wrong": 749}, "new": {"n": 478, "base_accuracy": 84.93723849372385, "readout_accuracy": 58.99581589958159, "oracle_accuracy": 85.56485355648536, "rescued": 3, "harmed": 127, "both_wrong": 69}}, "reference_ncm_agreement_percent": 100.0, "reference_sha256": "ce27b7e1eeaba8a33f840f6e8cb67b618a30cb9ee6237734651be4b8514155b4", "oracle_uses_true_labels": true, "readout_uses_test_labels_or_task_id": false}
Task9: current train only; final_fit=2034, classes=200
  features batch 1/43
  features batch 26/43
  features batch 43/43
  features batch 1/13
  features batch 13/13
FrozenReadoutTask {"task": 9, "classes": 200, "alpha": 1.0, "regularizer": 107218.9375, "fit_samples": 2034, "holdout_samples": 0, "cumulative_fit": 21801, "statistics_bytes": 2973696, "reference_status": "matched_indices_and_labels", "ncm_vs_ridge": {"total": {"n": 6000, "base_accuracy": 54.18333333333333, "readout_accuracy": 60.68333333333333, "oracle_accuracy": 66.91666666666667, "rescued": 764, "harmed": 374, "both_wrong": 1985}, "old": {"n": 5421, "base_accuracy": 54.030621656520935, "readout_accuracy": 60.72680317284634, "oracle_accuracy": 66.99870872532743, "rescued": 703, "harmed": 340, "both_wrong": 1789}, "new": {"n": 579, "base_accuracy": 55.613126079447326, "readout_accuracy": 60.27633851468048, "oracle_accuracy": 66.14853195164076, "rescued": 61, "harmed": 34, "both_wrong": 196}}, "base_vs_ncm": {"total": {"n": 6000, "base_accuracy": 82.1, "readout_accuracy": 54.18333333333333, "oracle_accuracy": 84.26666666666667, "rescued": 130, "harmed": 1805, "both_wrong": 944}, "old": {"n": 5421, "base_accuracy": 81.7561335546947, "readout_accuracy": 54.030621656520935, "oracle_accuracy": 83.89596015495296, "rescued": 116, "harmed": 1619, "both_wrong": 873}, "new": {"n": 579, "base_accuracy": 85.31951640759931, "readout_accuracy": 55.613126079447326, "oracle_accuracy": 87.73747841105354, "rescued": 14, "harmed": 186, "both_wrong": 71}}, "base_vs_ridge": {"total": {"n": 6000, "base_accuracy": 82.1, "readout_accuracy": 60.68333333333333, "oracle_accuracy": 84.5, "rescued": 144, "harmed": 1429, "both_wrong": 930}, "old": {"n": 5421, "base_accuracy": 81.7561335546947, "readout_accuracy": 60.72680317284634, "oracle_accuracy": 84.1726618705036, "rescued": 131, "harmed": 1271, "both_wrong": 858}, "new": {"n": 579, "base_accuracy": 85.31951640759931, "readout_accuracy": 60.27633851468048, "oracle_accuracy": 87.56476683937824, "rescued": 13, "harmed": 158, "both_wrong": 72}}, "reference_ncm_agreement_percent": 100.0, "reference_sha256": "3a47e62a16dbaf9779779eee57768e6de0932c82a10c4d69cbccc1133cc8d427", "oracle_uses_true_labels": true, "readout_uses_test_labels_or_task_id": false}
FrozenReadoutSummary {"tasks": 10, "selected_alpha": 1.0, "statistics_bytes": 2973696, "ncm_average": 61.030368366714846, "ridge_average": 68.94327841658631, "ncm_last": 54.18333333333333, "ridge_last": 60.68333333333333, "paired_reference_tasks": 10, "ridge_complement_oracle_average": 88.8128396483604, "ncm_complement_oracle_average": 88.62722185048634, "base_average": 86.73106859412196, "last_report": {"task": 9, "classes": 200, "alpha": 1.0, "regularizer": 107218.9375, "fit_samples": 2034, "holdout_samples": 0, "cumulative_fit": 21801, "statistics_bytes": 2973696, "reference_status": "matched_indices_and_labels", "ncm_vs_ridge": {"total": {"n": 6000, "base_accuracy": 54.18333333333333, "readout_accuracy": 60.68333333333333, "oracle_accuracy": 66.91666666666667, "rescued": 764, "harmed": 374, "both_wrong": 1985}, "old": {"n": 5421, "base_accuracy": 54.030621656520935, "readout_accuracy": 60.72680317284634, "oracle_accuracy": 66.99870872532743, "rescued": 703, "harmed": 340, "both_wrong": 1789}, "new": {"n": 579, "base_accuracy": 55.613126079447326, "readout_accuracy": 60.27633851468048, "oracle_accuracy": 66.14853195164076, "rescued": 61, "harmed": 34, "both_wrong": 196}}, "base_vs_ncm": {"total": {"n": 6000, "base_accuracy": 82.1, "readout_accuracy": 54.18333333333333, "oracle_accuracy": 84.26666666666667, "rescued": 130, "harmed": 1805, "both_wrong": 944}, "old": {"n": 5421, "base_accuracy": 81.7561335546947, "readout_accuracy": 54.030621656520935, "oracle_accuracy": 83.89596015495296, "rescued": 116, "harmed": 1619, "both_wrong": 873}, "new": {"n": 579, "base_accuracy": 85.31951640759931, "readout_accuracy": 55.613126079447326, "oracle_accuracy": 87.73747841105354, "rescued": 14, "harmed": 186, "both_wrong": 71}}, "base_vs_ridge": {"total": {"n": 6000, "base_accuracy": 82.1, "readout_accuracy": 60.68333333333333, "oracle_accuracy": 84.5, "rescued": 144, "harmed": 1429, "both_wrong": 930}, "old": {"n": 5421, "base_accuracy": 81.7561335546947, "readout_accuracy": 60.72680317284634, "oracle_accuracy": 84.1726618705036, "rescued": 131, "harmed": 1271, "both_wrong": 858}, "new": {"n": 579, "base_accuracy": 85.31951640759931, "readout_accuracy": 60.27633851468048, "oracle_accuracy": 87.56476683937824, "rescued": 13, "harmed": 158, "both_wrong": 72}}, "reference_ncm_agreement_percent": 100.0, "reference_sha256": "3a47e62a16dbaf9779779eee57768e6de0932c82a10c4d69cbccc1133cc8d427", "oracle_uses_true_labels": true, "readout_uses_test_labels_or_task_id": false}, "comparison_status": "paired_complete"}
DualMask complement comparison: paired_complete; paired tasks=10/10
Finished: logs/frozen_readout/5090/20261001_184445_738174; seconds=66.9
