{
  "machine": "5090",
  "seed": 1993,
  "tasks": 10,
  "config_source": "logs/shell_logs/imgr10_expert_legal_5090/20261001_150145_686685/t10/run.json",
  "reference_dir": "logs/shell_logs/imgr10_expert_legal_5090/20261001_150145_686685/t10/diagnostics",
  "data_path": "/mnt/disk1/lys/imagenet-r",
  "out": "logs/frozen_readout/5090/20261001_183000_862892",
  "outer_holdout_mod": 10,
  "reference_protocol_compatible": true,
  "ncm_and_ridge_fit_same_samples": true,
  "train_dualmask": false,
  "save_weights": false,
  "save_dense_features": false,
  "old_train_image_replay": false,
  "alpha_selection": "task0_train_holdout_only_then_fixed",
  "disable_fused_sdpa": true
}
No new DualMask run. Missing reference cache => standalone scores only.
Code revision: da91e93cdec4168f965c00d561085e738f7fa931
Fixed backbone SHA256: e4ee940923884dcf6a3f04cd16fca0ba6a4ba4fc12b053d01cea2510e50b7947
Task0: current train only; fit=2236, holdout=568, classes=20
  features batch 1/59
  features batch 26/59
  features batch 51/59
  features batch 59/59
Task0 train-holdout selected alpha=1.0; fixed for every later task.
  features batch 1/15
  features batch 15/15
FrozenReadoutTask {"task": 0, "classes": 20, "alpha": 1.0, "regularizer": 10981.440104166666, "fit_samples": 2236, "holdout_samples": 568, "cumulative_fit": 2236, "statistics_bytes": 2973696, "reference_status": "ncm_reproduction_mismatch", "ncm_vs_ridge": {"total": {"n": 689, "base_accuracy": 74.74600870827285, "readout_accuracy": 83.45428156748912, "oracle_accuracy": 86.066763425254, "rescued": 78, "harmed": 18, "both_wrong": 96}, "old": {"n": 0, "base_accuracy": null, "readout_accuracy": null, "oracle_accuracy": null, "rescued": 0, "harmed": 0, "both_wrong": 0}, "new": {"n": 689, "base_accuracy": 74.74600870827285, "readout_accuracy": 83.45428156748912, "oracle_accuracy": 86.066763425254, "rescued": 78, "harmed": 18, "both_wrong": 96}}, "base_vs_ncm": null, "base_vs_ridge": null, "reference_ncm_agreement_percent": 95.93613933236574, "reference_sha256": "d5376a4dd4465763d68ccb34213493a1bf7e43b0228bd0f6cb2c6aac200bc19a", "oracle_uses_true_labels": true, "readout_uses_test_labels_or_task_id": false}
Task1: current train only; fit=1831, holdout=466, classes=40
  features batch 1/48
  features batch 26/48
  features batch 48/48
  features batch 1/14
  features batch 14/14
FrozenReadoutTask {"task": 1, "classes": 40, "alpha": 1.0, "regularizer": 20076.587239583332, "fit_samples": 1831, "holdout_samples": 466, "cumulative_fit": 4067, "statistics_bytes": 2973696, "reference_status": "ncm_reproduction_mismatch", "ncm_vs_ridge": {"total": {"n": 1321, "base_accuracy": 66.99470098410295, "readout_accuracy": 76.15442846328538, "oracle_accuracy": 79.86373959121877, "rescued": 170, "harmed": 49, "both_wrong": 266}, "old": {"n": 689, "base_accuracy": 68.79535558780842, "readout_accuracy": 79.39042089985486, "oracle_accuracy": 82.14804063860667, "rescued": 92, "harmed": 19, "both_wrong": 123}, "new": {"n": 632, "base_accuracy": 65.03164556962025, "readout_accuracy": 72.62658227848101, "oracle_accuracy": 77.37341772151899, "rescued": 78, "harmed": 30, "both_wrong": 143}}, "base_vs_ncm": null, "base_vs_ridge": null, "reference_ncm_agreement_percent": 94.3224829674489, "reference_sha256": "9fb189aa60d4e85c3caa1fdf38c9930adf53164fcf42af99192e4ea02577ec91", "oracle_uses_true_labels": true, "readout_uses_test_labels_or_task_id": false}
Task2: current train only; fit=1673, holdout=428, classes=60
  features batch 1/44
  features batch 26/44
  features batch 44/44
  features batch 1/13
  features batch 13/13
FrozenReadoutTask {"task": 2, "classes": 60, "alpha": 1.0, "regularizer": 28364.75, "fit_samples": 1673, "holdout_samples": 428, "cumulative_fit": 5740, "statistics_bytes": 2973696, "reference_status": "ncm_reproduction_mismatch", "ncm_vs_ridge": {"total": {"n": 1927, "base_accuracy": 64.91956408925792, "readout_accuracy": 73.37830825116762, "oracle_accuracy": 77.16658017644006, "rescued": 236, "harmed": 73, "both_wrong": 440}, "old": {"n": 1321, "base_accuracy": 64.72369417108251, "readout_accuracy": 73.95912187736563, "oracle_accuracy": 77.81983345950037, "rescued": 173, "harmed": 51, "both_wrong": 293}, "new": {"n": 606, "base_accuracy": 65.34653465346534, "readout_accuracy": 72.11221122112211, "oracle_accuracy": 75.74257425742574, "rescued": 63, "harmed": 22, "both_wrong": 147}}, "base_vs_ncm": null, "base_vs_ridge": null, "reference_ncm_agreement_percent": 93.72080954852102, "reference_sha256": "395fc85414f8dc77aae4f276bfc582462d6352333e37f5db93cffadd7f96f2b4", "oracle_uses_true_labels": true, "readout_uses_test_labels_or_task_id": false}
Task3: current train only; fit=1636, holdout=418, classes=80
  features batch 1/43
  features batch 26/43
  features batch 43/43
  features batch 1/12
  features batch 12/12
FrozenReadoutTask {"task": 3, "classes": 80, "alpha": 1.0, "regularizer": 36581.8359375, "fit_samples": 1636, "holdout_samples": 418, "cumulative_fit": 7376, "statistics_bytes": 2973696, "reference_status": "ncm_reproduction_mismatch", "ncm_vs_ridge": {"total": {"n": 2498, "base_accuracy": 62.65012009607686, "readout_accuracy": 71.1369095276221, "oracle_accuracy": 75.38030424339472, "rescued": 318, "harmed": 106, "both_wrong": 615}, "old": {"n": 1927, "base_accuracy": 62.584327970939285, "readout_accuracy": 72.02906071613907, "oracle_accuracy": 76.02490918526206, "rescued": 259, "harmed": 77, "both_wrong": 462}, "new": {"n": 571, "base_accuracy": 62.87215411558669, "readout_accuracy": 68.1260945709282, "oracle_accuracy": 73.20490367775832, "rescued": 59, "harmed": 29, "both_wrong": 153}}, "base_vs_ncm": null, "base_vs_ridge": null, "reference_ncm_agreement_percent": 92.83426741393114, "reference_sha256": "cb8ff1a00ce3597332b387de216fc9c53beb50bbf53d3e9839e06027f16491d1", "oracle_uses_true_labels": true, "readout_uses_test_labels_or_task_id": false}
Task4: current train only; fit=1551, holdout=398, classes=100
  features batch 1/41
  features batch 26/41
  features batch 41/41
  features batch 1/11
  features batch 11/11
FrozenReadoutTask {"task": 4, "classes": 100, "alpha": 1.0, "regularizer": 44377.807291666664, "fit_samples": 1551, "holdout_samples": 398, "cumulative_fit": 8927, "statistics_bytes": 2973696, "reference_status": "ncm_reproduction_mismatch", "ncm_vs_ridge": {"total": {"n": 2985, "base_accuracy": 59.43048576214405, "readout_accuracy": 68.07370184254606, "oracle_accuracy": 72.66331658291458, "rescued": 395, "harmed": 137, "both_wrong": 816}, "old": {"n": 2498, "base_accuracy": 60.44835868694956, "readout_accuracy": 69.25540432345876, "oracle_accuracy": 73.57886309047238, "rescued": 328, "harmed": 108, "both_wrong": 660}, "new": {"n": 487, "base_accuracy": 54.209445585215605, "readout_accuracy": 62.012320328542096, "oracle_accuracy": 67.96714579055441, "rescued": 67, "harmed": 29, "both_wrong": 156}}, "base_vs_ncm": null, "base_vs_ridge": null, "reference_ncm_agreement_percent": 92.56281407035176, "reference_sha256": "989824a6955570b0f244f358cd5705715278c3aeae2dade7eb29285564797e90", "oracle_uses_true_labels": true, "readout_uses_test_labels_or_task_id": false}
Task5: current train only; fit=1902, holdout=488, classes=120
  features batch 1/50
  features batch 26/50
  features batch 50/50
  features batch 1/14
  features batch 14/14
FrozenReadoutTask {"task": 5, "classes": 120, "alpha": 1.0, "regularizer": 53541.161458333336, "fit_samples": 1902, "holdout_samples": 488, "cumulative_fit": 10829, "statistics_bytes": 2973696, "reference_status": "ncm_reproduction_mismatch", "ncm_vs_ridge": {"total": {"n": 3645, "base_accuracy": 57.8875171467764, "readout_accuracy": 65.51440329218107, "oracle_accuracy": 70.6721536351166, "rescued": 466, "harmed": 188, "both_wrong": 1069}, "old": {"n": 2985, "base_accuracy": 57.82244556113903, "readout_accuracy": 65.05862646566165, "oracle_accuracy": 70.38525963149078, "rescued": 375, "harmed": 159, "both_wrong": 884}, "new": {"n": 660, "base_accuracy": 58.18181818181818, "readout_accuracy": 67.57575757575758, "oracle_accuracy": 71.96969696969697, "rescued": 91, "harmed": 29, "both_wrong": 185}}, "base_vs_ncm": null, "base_vs_ridge": null, "reference_ncm_agreement_percent": 91.74211248285322, "reference_sha256": "a7bd086ae8c27490b404b3a029ae35068522454a3392c24bbff37aca26da748a", "oracle_uses_true_labels": true, "readout_uses_test_labels_or_task_id": false}
Task6: current train only; fit=1516, holdout=387, classes=140
  features batch 1/40
  features batch 26/40
  features batch 40/40
  features batch 1/12
  features batch 12/12
FrozenReadoutTask {"task": 6, "classes": 140, "alpha": 1.0, "regularizer": 61147.984375, "fit_samples": 1516, "holdout_samples": 387, "cumulative_fit": 12345, "statistics_bytes": 2973696, "reference_status": "ncm_reproduction_mismatch", "ncm_vs_ridge": {"total": {"n": 4214, "base_accuracy": 57.38016136687233, "readout_accuracy": 63.83483626008543, "oracle_accuracy": 69.8623635500712, "rescued": 526, "harmed": 254, "both_wrong": 1270}, "old": {"n": 3645, "base_accuracy": 57.00960219478738, "readout_accuracy": 64.52674897119341, "oracle_accuracy": 70.15089163237312, "rescued": 479, "harmed": 205, "both_wrong": 1088}, "new": {"n": 569, "base_accuracy": 59.753954305799645, "readout_accuracy": 59.402460456942, "oracle_accuracy": 68.0140597539543, "rescued": 47, "harmed": 49, "both_wrong": 182}}, "base_vs_ncm": null, "base_vs_ridge": null, "reference_ncm_agreement_percent": 91.36212624584718, "reference_sha256": "1c662ff058c22b282f51d6a41189469a517a3bd385122c37682c7a522d29d1dc", "oracle_uses_true_labels": true, "readout_uses_test_labels_or_task_id": false}
Task7: current train only; fit=2012, holdout=513, classes=160
  features batch 1/53
  features batch 26/53
  features batch 51/53
  features batch 53/53
  features batch 1/16
  features batch 16/16
FrozenReadoutTask {"task": 7, "classes": 160, "alpha": 1.0, "regularizer": 70632.22916666667, "fit_samples": 2012, "holdout_samples": 513, "cumulative_fit": 14357, "statistics_bytes": 2973696, "reference_status": "ncm_reproduction_mismatch", "ncm_vs_ridge": {"total": {"n": 4943, "base_accuracy": 56.119765324701596, "readout_accuracy": 63.52417560186122, "oracle_accuracy": 69.31013554521546, "rescued": 652, "harmed": 286, "both_wrong": 1517}, "old": {"n": 4214, "base_accuracy": 55.67157095396298, "readout_accuracy": 62.434741338395824, "oracle_accuracy": 68.48599905078311, "rescued": 540, "harmed": 255, "both_wrong": 1328}, "new": {"n": 729, "base_accuracy": 58.71056241426612, "readout_accuracy": 69.82167352537724, "oracle_accuracy": 74.07407407407408, "rescued": 112, "harmed": 31, "both_wrong": 189}}, "base_vs_ncm": null, "base_vs_ridge": null, "reference_ncm_agreement_percent": 91.48290511834918, "reference_sha256": "a4f78e0aad1332fc8ddab57c26238fb829803c473ab59f1ab2e93b2324f77c43", "oracle_uses_true_labels": true, "readout_uses_test_labels_or_task_id": false}
Task8: current train only; fit=1388, holdout=356, classes=180
  features batch 1/37
  features batch 26/37
  features batch 37/37
  features batch 1/10
  features batch 10/10
FrozenReadoutTask {"task": 8, "classes": 180, "alpha": 1.0, "regularizer": 77700.35416666667, "fit_samples": 1388, "holdout_samples": 356, "cumulative_fit": 15745, "statistics_bytes": 2973696, "reference_status": "ncm_reproduction_mismatch", "ncm_vs_ridge": {"total": {"n": 5421, "base_accuracy": 55.30344954805386, "readout_accuracy": 62.2763327799299, "oracle_accuracy": 68.49289798930087, "rescued": 715, "harmed": 337, "both_wrong": 1708}, "old": {"n": 4943, "base_accuracy": 55.492615820352015, "readout_accuracy": 62.654258547440826, "oracle_accuracy": 68.80436981590127, "rescued": 658, "harmed": 304, "both_wrong": 1542}, "new": {"n": 478, "base_accuracy": 53.34728033472803, "readout_accuracy": 58.36820083682009, "oracle_accuracy": 65.27196652719665, "rescued": 57, "harmed": 33, "both_wrong": 166}}, "base_vs_ncm": null, "base_vs_ridge": null, "reference_ncm_agreement_percent": 91.16399188341634, "reference_sha256": "ce27b7e1eeaba8a33f840f6e8cb67b618a30cb9ee6237734651be4b8514155b4", "oracle_uses_true_labels": true, "readout_uses_test_labels_or_task_id": false}
Task9: current train only; fit=1617, holdout=417, classes=200
  features batch 1/43
  features batch 26/43
  features batch 43/43
  features batch 1/13
  features batch 13/13
FrozenReadoutTask {"task": 9, "classes": 200, "alpha": 1.0, "regularizer": 85475.04166666667, "fit_samples": 1617, "holdout_samples": 417, "cumulative_fit": 17362, "statistics_bytes": 2973696, "reference_status": "ncm_reproduction_mismatch", "ncm_vs_ridge": {"total": {"n": 6000, "base_accuracy": 54.4, "readout_accuracy": 60.56666666666667, "oracle_accuracy": 67.1, "rescued": 762, "harmed": 392, "both_wrong": 1974}, "old": {"n": 5421, "base_accuracy": 54.196642685851316, "readout_accuracy": 60.6530160486995, "oracle_accuracy": 67.27541044087806, "rescued": 709, "harmed": 359, "both_wrong": 1774}, "new": {"n": 579, "base_accuracy": 56.303972366148535, "readout_accuracy": 59.758203799654574, "oracle_accuracy": 65.45768566493955, "rescued": 53, "harmed": 33, "both_wrong": 200}}, "base_vs_ncm": null, "base_vs_ridge": null, "reference_ncm_agreement_percent": 91.3, "reference_sha256": "3a47e62a16dbaf9779779eee57768e6de0932c82a10c4d69cbccc1133cc8d427", "oracle_uses_true_labels": true, "readout_uses_test_labels_or_task_id": false}
FrozenReadoutSummary {"tasks": 10, "selected_alpha": 1.0, "statistics_bytes": 2973696, "ncm_average": 60.98317730262588, "ridge_average": 68.79140442528346, "ncm_last": 54.4, "ridge_last": 60.56666666666667, "paired_reference_tasks": 0, "ridge_complement_oracle_average": null, "ncm_complement_oracle_average": null, "base_average": null, "last_report": {"task": 9, "classes": 200, "alpha": 1.0, "regularizer": 85475.04166666667, "fit_samples": 1617, "holdout_samples": 417, "cumulative_fit": 17362, "statistics_bytes": 2973696, "reference_status": "ncm_reproduction_mismatch", "ncm_vs_ridge": {"total": {"n": 6000, "base_accuracy": 54.4, "readout_accuracy": 60.56666666666667, "oracle_accuracy": 67.1, "rescued": 762, "harmed": 392, "both_wrong": 1974}, "old": {"n": 5421, "base_accuracy": 54.196642685851316, "readout_accuracy": 60.6530160486995, "oracle_accuracy": 67.27541044087806, "rescued": 709, "harmed": 359, "both_wrong": 1774}, "new": {"n": 579, "base_accuracy": 56.303972366148535, "readout_accuracy": 59.758203799654574, "oracle_accuracy": 65.45768566493955, "rescued": 53, "harmed": 33, "both_wrong": 200}}, "base_vs_ncm": null, "base_vs_ridge": null, "reference_ncm_agreement_percent": 91.3, "reference_sha256": "3a47e62a16dbaf9779779eee57768e6de0932c82a10c4d69cbccc1133cc8d427", "oracle_uses_true_labels": true, "readout_uses_test_labels_or_task_id": false}}
Finished: logs/frozen_readout/5090/20261001_183000_862892; seconds=67.0
